Archive member included to satisfy reference by file (symbol)

stm32f10x_lib/libstm32.a(stm32f10x_adc.o)
                              CM730_HW/src/system_init.o (ADC_Init)
stm32f10x_lib/libstm32.a(stm32f10x_bkp.o)
                              CM730_APP/src/CM_DXL_COM.o (BKP_WriteBackupRegister)
stm32f10x_lib/libstm32.a(stm32f10x_flash.o)
                              CM730_HW/src/system_init.o (FLASH_SetLatency)
stm32f10x_lib/libstm32.a(stm32f10x_gpio.o)
                              CM730_HW/src/system_init.o (GPIO_Init)
stm32f10x_lib/libstm32.a(stm32f10x_nvic.o)
                              CM730_HW/src/system_init.o (NVIC_PriorityGroupConfig)
stm32f10x_lib/libstm32.a(stm32f10x_pwr.o)
                              CM730_HW/src/system_init.o (PWR_BackupAccessCmd)
stm32f10x_lib/libstm32.a(stm32f10x_rcc.o)
                              CM730_HW/src/system_init.o (RCC_DeInit)
stm32f10x_lib/libstm32.a(stm32f10x_spi.o)
                              CM730_HW/src/system_init.o (SPI_Init)
stm32f10x_lib/libstm32.a(stm32f10x_systick.o)
                              CM730_HW/src/system_init.o (SysTick_SetReload)
stm32f10x_lib/libstm32.a(stm32f10x_tim.o)
                              CM730_HW/src/system_init.o (TIM_DeInit)
stm32f10x_lib/libstm32.a(stm32f10x_usart.o)
                              CM730_HW/src/system_init.o (USART_DeInit)
stm32f10x_lib/libstm32.a(cortexm3_macro.o)
                              stm32f10x_lib/libstm32.a(stm32f10x_pwr.o) (__WFI)
stm32f10x_lib/libstm32.a(stm32f10x_vector.o)
                              (Reset_Handler)
c:/program files (x86)/gnu tools arm embedded/5.4 2016q2/bin/../lib/gcc/arm-none-eabi/5.4.1/../../../../arm-none-eabi/lib\libc.a(lib_a-exit.o)
                              c:/program files (x86)/gnu tools arm embedded/5.4 2016q2/bin/../lib/gcc/arm-none-eabi/5.4.1/../../../../arm-none-eabi/lib/crt0.o (exit)
c:/program files (x86)/gnu tools arm embedded/5.4 2016q2/bin/../lib/gcc/arm-none-eabi/5.4.1/../../../../arm-none-eabi/lib\libc.a(lib_a-impure.o)
                              c:/program files (x86)/gnu tools arm embedded/5.4 2016q2/bin/../lib/gcc/arm-none-eabi/5.4.1/../../../../arm-none-eabi/lib\libc.a(lib_a-exit.o) (_global_impure_ptr)
c:/program files (x86)/gnu tools arm embedded/5.4 2016q2/bin/../lib/gcc/arm-none-eabi/5.4.1/../../../../arm-none-eabi/lib\libc.a(lib_a-init.o)
                              c:/program files (x86)/gnu tools arm embedded/5.4 2016q2/bin/../lib/gcc/arm-none-eabi/5.4.1/../../../../arm-none-eabi/lib/crt0.o (__libc_init_array)
c:/program files (x86)/gnu tools arm embedded/5.4 2016q2/bin/../lib/gcc/arm-none-eabi/5.4.1/../../../../arm-none-eabi/lib\libc.a(lib_a-memset.o)
                              c:/program files (x86)/gnu tools arm embedded/5.4 2016q2/bin/../lib/gcc/arm-none-eabi/5.4.1/../../../../arm-none-eabi/lib/crt0.o (memset)
c:/program files (x86)/gnu tools arm embedded/5.4 2016q2/bin/../lib/gcc/arm-none-eabi/5.4.1/../../../../arm-none-eabi/lib\libc.a(lib_a-__call_atexit.o)
                              c:/program files (x86)/gnu tools arm embedded/5.4 2016q2/bin/../lib/gcc/arm-none-eabi/5.4.1/../../../../arm-none-eabi/lib\libc.a(lib_a-exit.o) (__call_exitprocs)
c:/program files (x86)/gnu tools arm embedded/5.4 2016q2/bin/../lib/gcc/arm-none-eabi/5.4.1/../../../../arm-none-eabi/lib\libc.a(lib_a-atexit.o)
                              c:/program files (x86)/gnu tools arm embedded/5.4 2016q2/bin/../lib/gcc/arm-none-eabi/5.4.1/../../../../arm-none-eabi/lib\libc.a(lib_a-__call_atexit.o) (atexit)
c:/program files (x86)/gnu tools arm embedded/5.4 2016q2/bin/../lib/gcc/arm-none-eabi/5.4.1/../../../../arm-none-eabi/lib\libc.a(lib_a-fini.o)
                              c:/program files (x86)/gnu tools arm embedded/5.4 2016q2/bin/../lib/gcc/arm-none-eabi/5.4.1/../../../../arm-none-eabi/lib\libc.a(lib_a-__call_atexit.o) (__libc_fini_array)
c:/program files (x86)/gnu tools arm embedded/5.4 2016q2/bin/../lib/gcc/arm-none-eabi/5.4.1/../../../../arm-none-eabi/lib\libc.a(lib_a-__atexit.o)
                              c:/program files (x86)/gnu tools arm embedded/5.4 2016q2/bin/../lib/gcc/arm-none-eabi/5.4.1/../../../../arm-none-eabi/lib\libc.a(lib_a-atexit.o) (__register_exitproc)

Discarded input sections

 .text          0x00000000        0x0 c:/program files (x86)/gnu tools arm embedded/5.4 2016q2/bin/../lib/gcc/arm-none-eabi/5.4.1/crti.o
 .data          0x00000000        0x0 c:/program files (x86)/gnu tools arm embedded/5.4 2016q2/bin/../lib/gcc/arm-none-eabi/5.4.1/crti.o
 .bss           0x00000000        0x0 c:/program files (x86)/gnu tools arm embedded/5.4 2016q2/bin/../lib/gcc/arm-none-eabi/5.4.1/crti.o
 .text          0x00000000       0x98 c:/program files (x86)/gnu tools arm embedded/5.4 2016q2/bin/../lib/gcc/arm-none-eabi/5.4.1/crtbegin.o
 .data          0x00000000        0x4 c:/program files (x86)/gnu tools arm embedded/5.4 2016q2/bin/../lib/gcc/arm-none-eabi/5.4.1/crtbegin.o
[...]
Memory Configuration

Name             Origin             Length             Attributes
RAM              0x20000000         0x00010000         xrw
FLASH            0x08003000         0x00080000         xr
*default*        0x00000000         0xffffffff

Linker script and memory map

LOAD c:/program files (x86)/gnu tools arm embedded/5.4 2016q2/bin/../lib/gcc/arm-none-eabi/5.4.1/crti.o
LOAD c:/program files (x86)/gnu tools arm embedded/5.4 2016q2/bin/../lib/gcc/arm-none-eabi/5.4.1/crtbegin.o
LOAD c:/program files (x86)/gnu tools arm embedded/5.4 2016q2/bin/../lib/gcc/arm-none-eabi/5.4.1/../../../../arm-none-eabi/lib/crt0.o
LOAD CM730_APP/src/stm32f10x_it.o
LOAD CM730_APP/src/main.o
LOAD CM730_APP/src/serial.o
LOAD CM730_APP/src/isr.o
LOAD CM730_APP/src/zigbee.o
LOAD CM730_APP/src/zgb_hal.o
LOAD CM730_APP/src/CM_DXL_COM.o
LOAD CM730_HW/src/button.o
LOAD CM730_HW/src/led.o
LOAD CM730_HW/src/system_init.o
LOAD CM730_HW/src/system_func.o
LOAD CM730_HW/src/adc.o
LOAD CM730_HW/src/usart.o
LOAD CM730_HW/src/sound.o
LOAD CM730_HW/src/gyro_acc.o
LOAD stm32f10x_lib/libstm32.a
START GROUP
LOAD c:/program files (x86)/gnu tools arm embedded/5.4 2016q2/bin/../lib/gcc/arm-none-eabi/5.4.1\libgcc.a
LOAD c:/program files (x86)/gnu tools arm embedded/5.4 2016q2/bin/../lib/gcc/arm-none-eabi/5.4.1/../../../../arm-none-eabi/lib\libc.a
END GROUP
LOAD c:/program files (x86)/gnu tools arm embedded/5.4 2016q2/bin/../lib/gcc/arm-none-eabi/5.4.1/crtend.o
LOAD c:/program files (x86)/gnu tools arm embedded/5.4 2016q2/bin/../lib/gcc/arm-none-eabi/5.4.1/crtn.o
                0x00000100                _Minimum_Stack_Size = 0x100
                0x20000000                __ram_start__ = ORIGIN (RAM)
                0x00010000                __ram_size__ = LENGTH (RAM)
                0x20010000                __ram_end__ = (__ram_start__ + __ram_size__)
                0x20010000                _estack = __ram_end__
                [!provide]                PROVIDE (_Stack_Limit, (_estack - _Minimum_Stack_Size))

.text           0x08003000     0x4b58
 *(.isr_vector)
 .isr_vector    0x08003000      0x134 stm32f10x_lib/libstm32.a(stm32f10x_vector.o)
                0x08003000                g_pfnVectors
 *(.text)
 .text          0x08003134      0x13c CM730_APP/src/stm32f10x_it.o
                0x08003134                NMIException
                0x08003136                HardFaultException
                0x08003138                MemManageException
                0x0800313a                BusFaultException
                0x0800313c                UsageFaultException
                0x0800313e                DebugMonitor
                0x08003140                SVCHandler
                0x08003142                PendSVC
                0x08003144                SysTickHandler
                0x08003148                WWDG_IRQHandler
                0x0800314a                PVD_IRQHandler
                0x0800314c                TAMPER_IRQHandler
                0x0800314e                RTC_IRQHandler
                0x08003150                FLASH_IRQHandler
                0x08003152                RCC_IRQHandler
                0x08003154                EXTI0_IRQHandler
                0x08003156                EXTI1_IRQHandler
                0x08003158                EXTI2_IRQHandler
                0x0800315a                EXTI3_IRQHandler
                0x0800315c                EXTI4_IRQHandler
                0x0800315e                DMA1_Channel1_IRQHandler
                0x08003160                DMA1_Channel2_IRQHandler
                0x08003162                DMA1_Channel3_IRQHandler
                0x08003164                DMA1_Channel4_IRQHandler
                0x08003166                DMA1_Channel5_IRQHandler
                0x08003168                DMA1_Channel6_IRQHandler
                0x0800316a                DMA1_Channel7_IRQHandler
                0x0800316c                ADC1_2_IRQHandler
                0x08003170                USB_HP_CAN_TX_IRQHandler
                0x08003172                USB_LP_CAN_RX0_IRQHandler
                0x08003174                CAN_RX1_IRQHandler
                0x08003176                CAN_SCE_IRQHandler
                0x08003178                EXTI9_5_IRQHandler
                0x0800317a                TIM1_BRK_IRQHandler
                0x0800317c                TIM1_UP_IRQHandler
                0x0800317e                TIM1_TRG_COM_IRQHandler
                0x08003180                TIM1_CC_IRQHandler
                0x08003182                TIM2_IRQHandler
                0x0800322c                TIM3_IRQHandler
                0x0800322e                TIM4_IRQHandler
                0x08003230                I2C1_EV_IRQHandler
                0x08003232                I2C1_ER_IRQHandler
                0x08003234                I2C2_EV_IRQHandler
                0x08003236                I2C2_ER_IRQHandler
                0x08003238                SPI1_IRQHandler
                0x0800323a                SPI2_IRQHandler
                0x0800323c                USART1_IRQHandler
                0x08003240                USART2_IRQHandler
                0x08003242                USART3_IRQHandler
                0x08003246                EXTI15_10_IRQHandler
                0x08003248                RTCAlarm_IRQHandler
                0x0800324a                USBWakeUp_IRQHandler
                0x0800324c                TIM8_BRK_IRQHandler
                0x0800324e                TIM8_UP_IRQHandler
                0x08003250                TIM8_TRG_COM_IRQHandler
                0x08003252                TIM8_CC_IRQHandler
                0x08003254                ADC3_IRQHandler
                0x08003256                FSMC_IRQHandler
                0x08003258                SDIO_IRQHandler
                0x0800325a                TIM5_IRQHandler
                0x0800325c                SPI3_IRQHandler
                0x0800325e                UART4_IRQHandler
                0x08003260                UART5_IRQHandler
                0x08003264                TIM6_IRQHandler
                0x08003266                TIM7_IRQHandler
                0x08003268                DMA2_Channel1_IRQHandler
                0x0800326a                DMA2_Channel2_IRQHandler
                0x0800326c                DMA2_Channel3_IRQHandler
                0x0800326e                DMA2_Channel4_5_IRQHandler
 .text          0x08003270      0x1f8 CM730_APP/src/isr.o
                0x08003270                ISR_BATTERY_CHECK
                0x080032c0                ISR_1ms_TIMER
                0x080032d0                ISR_SPI_READ
                0x080032d4                ISR_USART_DXL
                0x080032d8                ISR_USART_ZIGBEE
                0x080032dc                ISR_USART_PC
                0x080032e0                ISR_LED_RGB_TIMER
                0x0800345c                ISR_DELAY
                0x08003460                ISR_ADC
                0x08003464                ISR_BUZZER
                0x08003466                ISR_MOTOR_CONTROL
 .text          0x08003468      0x1d8 CM730_APP/src/zigbee.o
                0x08003468                zgb_initialize
                0x08003488                zgb_terminate
                0x0800348c                zgb_tx_data
                0x080034c8                zgb_rx_check
                0x08003584                zgb_rx_data
                0x08003594                Zigbee_SetState
                0x080035ac                ScanZigbee
 .text          0x08003640       0x6a CM730_APP/src/zgb_hal.o
                0x08003640                zgb_hal_open
                0x08003650                zgb_hal_close
                0x08003652                zgb_hal_tx
                0x08003670                zgb_hal_rx
 *fill*         0x080036aa        0x2 
 .text          0x080036ac      0x9d8 CM730_APP/src/CM_DXL_COM.o
                0x080036ac                WriteControlTable
                0x08003714                WriteControlTableRangeCheck
                0x0800377c                ReturnPacket
                0x08003874                ProcessAfterWriting
                0x08003978                Process
 .text          0x08004084       0x30 CM730_HW/src/button.o
                0x08004084                ReadButton
 .text          0x080040b4      0x1ac CM730_HW/src/led.o
                0x080040b4                LED_SetState
                0x08004180                LED_GetState
                0x080041e0                LED_RGB_SetState
                0x0800422c                LED_RGB_GetState
 .text          0x08004260      0x648 CM730_HW/src/system_init.o
                0x08004260                Buzzer_Configuration
                0x080042e4                Timer_Configuration
                0x08004370                SysTick_Configuration
                0x08004384                RCC_Configuration
                0x08004408                USART_Configuration
                0x080044bc                USART_GetBaudrate
                0x080044e0                ADC_Configuration
                0x080045b0                SPI_Configuration
                0x0800461c                GPIO_Configuration
                0x080047a0                NVIC_Configuration
                0x08004822                System_Configuration
 .text          0x080048a8      0x1c8 CM730_HW/src/system_func.o
                0x080048a8                getResetSource
                0x08004906                mDelay
                0x08004930                Dummy
                0x08004932                uDelay
                0x08004958                __ISR_DELAY
                0x0800496c                dxl_set_power
                0x08004984                getVoltage
                0x0800499c                EEPROM_Read
                0x080049aa                EEPROM_Write
                0x08004a4c                EEPROM_Clear
 .text          0x08004a70       0xac CM730_HW/src/adc.o
                0x08004a70                getADC
                0x08004a80                __ISR_ADC
 .text          0x08004b1c      0x324 CM730_HW/src/usart.o
                0x08004b1c                BufferClear
                0x08004b30                IsRXD_Ready
                0x08004b50                RxDBuffer
                0x08004b78                TxDData
                0x08004bf8                __ISR_USART_ZIGBEE
                0x08004c2c                __ISR_USART_PC
                0x08004d40                __ISR_USART_DXL
 .text          0x08004e40      0x1d8 CM730_HW/src/sound.o
                0x08004e40                setBuzzerPlayLength
                0x08004e4c                getBuzzerPlayLength
                0x08004e58                setBuzzerData
                0x08004e64                getBuzzerData
                0x08004e70                getBuzzerState
                0x08004e88                PlayDoremi
                0x08004eb4                PlayMusic
                0x08004ecc                PlayBuzzer
                0x08004ee4                SetBuzzer
                0x08004f04                setBuzzerOff
                0x08004f14                __ISR_Buzzer_Manage
 .text          0x08005018      0x4a8 CM730_HW/src/gyro_acc.o
                0x08005018                Push_SPI_Data
                0x08005030                Clear_SPI_Data
                0x0800503c                CovertData
                0x08005150                getGyroX
                0x0800515c                getGyroY
                0x08005168                getGyroZ
                0x08005174                getACC_X
                0x08005180                getACC_Y
                0x0800518c                getACC_Z
                0x08005198                getGyroX_raw
                0x080051a4                getGyroY_raw
                0x080051b0                getGyroZ_raw
                0x080051bc                getACC_X_raw
                0x080051c8                getACC_Y_raw
                0x080051d4                getACC_Z_raw
                0x080051e0                Gyro_Configuration
                0x080052e0                ACC_Configuration
                0x080053e0                __GYRO_ACC_READ_ISR
 .text          0x080054c0      0x338 stm32f10x_lib/libstm32.a(stm32f10x_adc.o)
                0x080054c0                ADC_DeInit
                0x0800551c                ADC_Init
                0x08005564                ADC_StructInit
                0x08005576                ADC_Cmd
                0x08005588                ADC_DMACmd
                0x0800559a                ADC_ITConfig
                0x080055ac                ADC_ResetCalibration
                0x080055b6                ADC_GetResetCalibrationStatus
                0x080055be                ADC_StartCalibration
                0x080055c8                ADC_GetCalibrationStatus
                0x080055d0                ADC_SoftwareStartConvCmd
                0x080055e2                ADC_GetSoftwareStartConvStatus
                0x080055ea                ADC_DiscModeChannelCountConfig
                0x080055fa                ADC_DiscModeCmd
                0x0800560c                ADC_RegularChannelConfig
                0x0800569a                ADC_ExternalTrigConvCmd
                0x080056ac                ADC_GetConversionValue
                0x080056b2                ADC_GetDualModeConversionValue
                0x080056bc                ADC_AutoInjectedConvCmd
                0x080056ce                ADC_InjectedDiscModeCmd
                0x080056e0                ADC_ExternalTrigInjectedConvConfig
                0x080056ec                ADC_ExternalTrigInjectedConvCmd
                0x080056fe                ADC_SoftwareStartInjectedConvCmd
                0x08005710                ADC_GetSoftwareStartInjectedConvCmdStatus
                0x08005718                ADC_InjectedChannelConfig
                0x08005770                ADC_InjectedSequencerLengthConfig
                0x08005780                ADC_SetInjectedOffset
                0x08005784                ADC_GetInjectedConversionValue
                0x0800578c                ADC_AnalogWatchdogCmd
                0x0800579c                ADC_AnalogWatchdogThresholdsConfig
                0x080057a2                ADC_AnalogWatchdogSingleChannelConfig
                0x080057ae                ADC_TempSensorVrefintCmd
                0x080057c8                ADC_GetFlagStatus
                0x080057d4                ADC_ClearFlag
                0x080057da                ADC_GetITStatus
                0x080057f0                ADC_ClearITPendingBit
 .text          0x080057f8       0xc0 stm32f10x_lib/libstm32.a(stm32f10x_bkp.o)
                0x080057f8                BKP_DeInit
                0x0800580a                BKP_TamperPinLevelConfig
                0x08005814                BKP_TamperPinCmd
                0x08005820                BKP_ITConfig
                0x0800582c                BKP_RTCOutputConfig
                0x08005844                BKP_SetRTCCalibrationValue
                0x0800585c                BKP_WriteBackupRegister
                0x08005868                BKP_ReadBackupRegister
                0x08005876                BKP_GetFlagStatus
                0x08005884                BKP_ClearFlag
                0x08005898                BKP_GetITStatus
                0x080058a4                BKP_ClearITPendingBit
 .text          0x080058b8      0x47c stm32f10x_lib/libstm32.a(stm32f10x_flash.o)
                0x080058b8                FLASH_SetLatency
                0x080058d0                FLASH_HalfCycleAccessCmd
                0x080058e8                FLASH_PrefetchBufferCmd
                0x08005900                FLASH_Unlock
                0x08005918                FLASH_Lock
                0x08005928                FLASH_GetUserOptionByte
                0x08005934                FLASH_GetWriteProtectionOptionByte
                0x08005940                FLASH_GetReadOutProtectionStatus
                0x08005950                FLASH_GetPrefetchBufferStatus
                0x08005960                FLASH_ITConfig
                0x08005978                FLASH_GetFlagStatus
                0x08005998                FLASH_ClearFlag
                0x080059a4                FLASH_GetStatus
                0x080059cc                FLASH_WaitForLastOperation
                0x08005a04                FLASH_ErasePage
                0x08005a44                FLASH_EraseAllPages
                0x08005a80                FLASH_EraseOptionBytes
                0x08005af0                FLASH_ProgramWord
                0x08005b38                FLASH_ProgramHalfWord
                0x08005b70                FLASH_ProgramOptionByteData
                0x08005bb8                FLASH_EnableWriteProtection
                0x08005c54                FLASH_ReadOutProtection
                0x08005ce0                FLASH_UserOptionByteConfig
 .text          0x08005d34      0x26c stm32f10x_lib/libstm32.a(stm32f10x_gpio.o)
                0x08005d34                GPIO_DeInit
                0x08005de4                GPIO_AFIODeInit
                0x08005dfa                GPIO_Init
                0x08005e9e                GPIO_StructInit
                0x08005eae                GPIO_ReadInputDataBit
                0x08005eba                GPIO_ReadInputData
                0x08005ec0                GPIO_ReadOutputDataBit
                0x08005ecc                GPIO_ReadOutputData
                0x08005ed2                GPIO_SetBits
                0x08005ed6                GPIO_ResetBits
                0x08005eda                GPIO_WriteBit
                0x08005ee4                GPIO_Write
                0x08005ee8                GPIO_PinLockConfig
                0x08005ef8                GPIO_EventOutputConfig
                0x08005f14                GPIO_EventOutputCmd
                0x08005f20                GPIO_PinRemapConfig
                0x08005f74                GPIO_EXTILineConfig
 .text          0x08005fa0      0x328 stm32f10x_lib/libstm32.a(stm32f10x_nvic.o)
                0x08005fa0                NVIC_DeInit
                0x08005fd4                NVIC_SCBDeInit
                0x08006004                NVIC_PriorityGroupConfig
                0x08006018                NVIC_Init
                0x0800609c                NVIC_StructInit
                0x080060a8                NVIC_SETPRIMASK
                0x080060ac                NVIC_RESETPRIMASK
                0x080060b0                NVIC_SETFAULTMASK
                0x080060b4                NVIC_RESETFAULTMASK
                0x080060b8                NVIC_BASEPRICONFIG
                0x080060be                NVIC_GetBASEPRI
                0x080060c2                NVIC_GetCurrentPendingIRQChannel
                0x080060d0                NVIC_GetIRQChannelPendingBitStatus
                0x080060f0                NVIC_SetIRQChannelPendingBit
                0x080060fc                NVIC_ClearIRQChannelPendingBit
                0x08006118                NVIC_GetCurrentActiveHandler
                0x08006128                NVIC_GetIRQChannelActiveBitStatus
                0x08006148                NVIC_GetCPUID
                0x08006154                NVIC_SetVectorTable
                0x08006168                NVIC_GenerateSystemReset
                0x08006178                NVIC_GenerateCoreReset
                0x08006188                NVIC_SystemLPConfig
                0x080061a0                NVIC_SystemHandlerConfig
                0x080061c0                NVIC_SystemHandlerPriorityConfig
                0x08006210                NVIC_GetSystemHandlerPendingBitStatus
                0x08006230                NVIC_SetSystemHandlerPendingBit
                0x08006248                NVIC_ClearSystemHandlerPendingBit
                0x08006264                NVIC_GetSystemHandlerActiveBitStatus
                0x08006284                NVIC_GetFaultHandlerSources
                0x080062b4                NVIC_GetFaultAddress
 .text          0x080062c8       0xc8 stm32f10x_lib/libstm32.a(stm32f10x_pwr.o)
                0x080062c8                PWR_DeInit
                0x080062e2                PWR_BackupAccessCmd
                0x080062ec                PWR_PVDCmd
                0x080062f8                PWR_PVDLevelConfig
                0x0800630c                PWR_WakeUpPinCmd
                0x08006318                PWR_EnterSTOPMode
                0x08006344                PWR_EnterSTANDBYMode
                0x0800636c                PWR_GetFlagStatus
                0x08006380                PWR_ClearFlag
 .text          0x08006390      0x33c stm32f10x_lib/libstm32.a(stm32f10x_rcc.o)
                0x08006390                RCC_DeInit
                0x080063cc                RCC_HSEConfig
                0x08006404                RCC_AdjustHSICalibrationValue
                0x08006418                RCC_HSICmd
                0x08006424                RCC_PLLConfig
                0x08006438                RCC_PLLCmd
                0x08006444                RCC_SYSCLKConfig
                0x08006458                RCC_GetSYSCLKSource
                0x08006468                RCC_HCLKConfig
                0x0800647c                RCC_PCLK1Config
                0x08006490                RCC_PCLK2Config
                0x080064a4                RCC_ITConfig
                0x080064bc                RCC_USBCLKConfig
                0x080064c8                RCC_ADCCLKConfig
                0x080064dc                RCC_LSEConfig
                0x080064fc                RCC_LSICmd
                0x08006508                RCC_RTCCLKConfig
                0x08006518                RCC_RTCCLKCmd
                0x08006524                RCC_GetClocksFreq
                0x080065a8                RCC_AHBPeriphClockCmd
                0x080065c0                RCC_APB2PeriphClockCmd
                0x080065d8                RCC_APB1PeriphClockCmd
                0x080065f0                RCC_APB2PeriphResetCmd
                0x08006608                RCC_APB1PeriphResetCmd
                0x08006620                RCC_BackupResetCmd
                0x0800662c                RCC_ClockSecuritySystemCmd
                0x08006638                RCC_MCOConfig
                0x08006644                RCC_GetFlagStatus
                0x0800666c                RCC_WaitForHSEStartUp
                0x0800669a                RCC_ClearFlag
                0x080066ac                RCC_GetITStatus
                0x080066c0                RCC_ClearITPendingBit
 .text          0x080066cc      0x2bc stm32f10x_lib/libstm32.a(stm32f10x_spi.o)
                0x080066cc                SPI_I2S_DeInit
                0x0800672c                SPI_Init
                0x0800676a                I2S_Init
                0x0800680a                SPI_StructInit
                0x08006822                I2S_StructInit
                0x08006834                SPI_Cmd
                0x0800684c                I2S_Cmd
                0x08006864                SPI_I2S_ITConfig
                0x08006880                SPI_I2S_DMACmd
                0x08006892                SPI_I2S_SendData
                0x08006896                SPI_I2S_ReceiveData
                0x0800689c                SPI_NSSInternalSoftwareConfig
                0x080068ba                SPI_SSOutputCmd
                0x080068d2                SPI_DataSizeConfig
                0x080068e8                SPI_TransmitCRC
                0x080068f4                SPI_CalculateCRC
                0x0800690c                SPI_GetCRC
                0x08006918                SPI_GetCRCPolynomial
                0x0800691e                SPI_BiDirectionalLineConfig
                0x0800693a                SPI_I2S_GetFlagStatus
                0x08006946                SPI_I2S_ClearFlag
                0x0800694e                SPI_I2S_GetITStatus
                0x08006974                SPI_I2S_ClearITPendingBit
 .text          0x08006988       0x8c stm32f10x_lib/libstm32.a(stm32f10x_systick.o)
                0x08006988                SysTick_CLKSourceConfig
                0x080069a0                SysTick_SetReload
                0x080069ac                SysTick_CounterCmd
                0x080069d4                SysTick_ITConfig
                0x080069ec                SysTick_GetCounter
                0x080069f8                SysTick_GetFlagStatus
 .text          0x08006a14      0xa2c stm32f10x_lib/libstm32.a(stm32f10x_tim.o)
                0x08006a80                TIM_DeInit
                0x08006b54                TIM_TimeBaseInit
                0x08006b90                TIM_OC1Init
                0x08006c04                TIM_OC2Init
                0x08006c8c                TIM_OC3Init
                0x08006d10                TIM_OC4Init
                0x08006d78                TIM_BDTRConfig
                0x08006d9a                TIM_TimeBaseStructInit
                0x08006dac                TIM_OCStructInit
                0x08006dc0                TIM_ICStructInit
                0x08006dd0                TIM_BDTRStructInit
                0x08006de2                TIM_Cmd
                0x08006dfa                TIM_CtrlPWMOutputs
                0x08006e16                TIM_GenerateEvent
                0x08006e1a                TIM_DMAConfig
                0x08006e22                TIM_DMACmd
                0x08006e34                TIM_ITConfig
                0x08006e38                TIM_InternalClockConfig
                0x08006e46                TIM_ITRxExternalClockConfig
                0x08006e60                TIM_TIxExternalClockConfig
                0x08006e94                TIM_ETRConfig
                0x08006ea8                TIM_ETRClockMode1Config
                0x08006ec0                TIM_ETRClockMode2Config
                0x08006ed2                TIM_PrescalerConfig
                0x08006ed8                TIM_CounterModeConfig
                0x08006ee8                TIM_SelectInputTrigger
                0x08006ef8                TIM_EncoderInterfaceConfig
                0x08006f34                TIM_ForcedOC1Config
                0x08006f44                TIM_ForcedOC2Config
                0x08006f58                TIM_ForcedOC3Config
                0x08006f68                TIM_ForcedOC4Config
                0x08006f7c                TIM_ARRPreloadConfig
                0x08006f94                TIM_SelectCOM
                0x08006fac                TIM_SelectCCDMA
                0x08006fc4                TIM_CCPreloadControl
                0x08006fdc                TIM_OC1PreloadConfig
                0x08006fec                TIM_OC2PreloadConfig
                0x08007000                TIM_OC3PreloadConfig
                0x08007010                TIM_OC4PreloadConfig
                0x08007024                TIM_OC1FastConfig
                0x08007034                TIM_OC2FastConfig
                0x08007048                TIM_OC3FastConfig
                0x08007058                TIM_OC4FastConfig
                0x0800706c                TIM_ClearOC1Ref
                0x0800707c                TIM_ClearOC2Ref
                0x0800708c                TIM_ClearOC3Ref
                0x0800709c                TIM_ClearOC4Ref
                0x080070ac                TIM_OC1PolarityConfig
                0x080070bc                TIM_OC1NPolarityConfig
                0x080070cc                TIM_OC2PolarityConfig
                0x080070e0                TIM_OC2NPolarityConfig
                0x080070f4                TIM_OC3PolarityConfig
                0x08007108                TIM_OC3NPolarityConfig
                0x0800711c                TIM_OC4PolarityConfig
                0x08007130                TIM_CCxCmd
                0x0800714c                TIM_CCxNCmd
                0x08007168                TIM_SelectOCxM
                0x080071ac                TIM_UpdateDisableConfig
                0x080071c4                TIM_UpdateRequestConfig
                0x080071dc                TIM_SelectHallSensor
                0x080071f4                TIM_SelectOnePulseMode
                0x0800720a                TIM_SelectOutputTrigger
                0x08007220                TIM_SelectSlaveMode
                0x08007236                TIM_SelectMasterSlaveMode
                0x0800724c                TIM_SetCounter
                0x08007250                TIM_SetAutoreload
                0x08007254                TIM_SetCompare1
                0x08007258                TIM_SetCompare2
                0x0800725c                TIM_SetCompare3
                0x08007260                TIM_SetCompare4
                0x08007266                TIM_SetIC1Prescaler
                0x0800727c                TIM_SetIC2Prescaler
                0x08007296                TIM_PWMIConfig
                0x080072f6                TIM_SetIC3Prescaler
                0x0800730c                TIM_SetIC4Prescaler
                0x08007326                TIM_ICInit
                0x080073d6                TIM_SetClockDivision
                0x080073e6                TIM_GetCapture1
                0x080073ec                TIM_GetCapture2
                0x080073f2                TIM_GetCapture3
                0x080073f8                TIM_GetCapture4
                0x08007400                TIM_GetCounter
                0x08007406                TIM_GetPrescaler
                0x0800740c                TIM_GetFlagStatus
                0x08007418                TIM_ClearFlag
                0x08007420                TIM_GetITStatus
                0x08007436                TIM_ClearITPendingBit
 .text          0x08007440      0x34c stm32f10x_lib/libstm32.a(stm32f10x_usart.o)
                0x08007440                USART_DeInit
                0x080074dc                USART_Init
                0x08007564                USART_StructInit
                0x0800757a                USART_ClockInit
                0x0800759a                USART_ClockStructInit
                0x080075a6                USART_Cmd
                0x080075be                USART_ITConfig
                0x080075ee                USART_DMACmd
                0x08007600                USART_SetAddress
                0x08007616                USART_WakeUpConfig
                0x0800762c                USART_ReceiverWakeUpCmd
                0x08007644                USART_LINBreakDetectLengthConfig
                0x0800765a                USART_LINCmd
                0x08007672                USART_SendData
                0x0800767a                USART_ReceiveData
                0x08007682                USART_SendBreak
                0x0800768e                USART_SetGuardTime
                0x080076a0                USART_SetPrescaler
                0x080076b2                USART_SmartCardCmd
                0x080076ca                USART_SmartCardNACKCmd
                0x080076e2                USART_HalfDuplexCmd
                0x080076fa                USART_IrDAConfig
                0x08007710                USART_IrDACmd
                0x08007728                USART_GetFlagStatus
                0x08007734                USART_ClearFlag
                0x0800773c                USART_GetITStatus
                0x0800777c                USART_ClearITPendingBit
 .text          0x0800778c       0x6e stm32f10x_lib/libstm32.a(cortexm3_macro.o)
                0x0800778c                __WFI
                0x08007790                __WFE
                0x08007794                __SEV
                0x08007798                __ISB
                0x0800779e                __DSB
                0x080077a4                __DMB
                0x080077aa                __SVC
                0x080077ae                __MRS_CONTROL
                0x080077b4                __MSR_CONTROL
                0x080077be                __MRS_PSP
                0x080077c4                __MSR_PSP
                0x080077ca                __MRS_MSP
                0x080077d0                __MSR_MSP
                0x080077d6                __SETPRIMASK
                0x080077da                __RESETPRIMASK
                0x080077de                __SETFAULTMASK
                0x080077e2                __RESETFAULTMASK
                0x080077e6                __BASEPRICONFIG
                0x080077ec                __GetBASEPRI
                0x080077f2                __REV_HalfWord
                0x080077f6                __REV_Word
 *fill*         0x080077fa        0x2 
 .text          0x080077fc       0x50 stm32f10x_lib/libstm32.a(stm32f10x_vector.o)
                0x080077fc                Reset_Handler
 *(.text.*)
 .text.startup  0x0800784c       0x78 CM730_APP/src/main.o
                0x0800784c                main
 *(.rodata)
 .rodata        0x080078c4      0x280 CM730_HW/src/sound.o
                0x080078c4                DoremiTable
                0x0800792c                SoundTable
                0x08007966                Sound31
                0x08007988                Sound30
                0x08007998                Sound25
                0x080079a6                Sound24
                0x080079ba                Sound23
                0x080079c6                Sound22
                0x080079ee                Sound21
                0x080079fe                Sound20
                0x08007a08                Sound15
                0x08007a1a                Sound13
                0x08007a2e                Sound12
                0x08007a40                Sound11
                0x08007a4c                Sound10
                0x08007a56                Sound8
                0x08007a66                Sound7
                0x08007a72                Sound6
                0x08007a7c                Sound5
                0x08007a8c                Sound4
                0x08007a98                Sound3
                0x08007aa4                Sound2
                0x08007ab6                Sound1
                0x08007ac6                Sound0
                0x08007ad8                Music7
                0x08007af4                Music6
                0x08007b1c                Music1
                0x08007b30                Music0
 .rodata        0x08007b44       0x14 stm32f10x_lib/libstm32.a(stm32f10x_rcc.o)
 *(.rodata.*)
 *(.glue_7)
 .glue_7        0x08007b58        0x0 linker stubs
 *(.glue_7t)
 .glue_7t       0x08007b58        0x0 linker stubs
 *(.vfp11_veneer)
 .vfp11_veneer  0x08007b58        0x0 linker stubs
 *(.v4_bx)
 .v4_bx         0x08007b58        0x0 linker stubs
 *(.ARM.extab* .gnu.linkonce.armextab.*)

.init           0x08007b58        0xc
 .init          0x08007b58        0xc c:/program files (x86)/gnu tools arm embedded/5.4 2016q2/bin/../lib/gcc/arm-none-eabi/5.4.1/crti.o
                0x08007b58                _init

.fini           0x08007b64        0xc
 .fini          0x08007b64        0xc c:/program files (x86)/gnu tools arm embedded/5.4 2016q2/bin/../lib/gcc/arm-none-eabi/5.4.1/crti.o
                0x08007b64                _fini

.iplt           0x08007b70        0x0
 .iplt          0x08007b70        0x0 c:/program files (x86)/gnu tools arm embedded/5.4 2016q2/bin/../lib/gcc/arm-none-eabi/5.4.1/crtbegin.o

.rel.dyn        0x08007b70        0x0
 .rel.iplt      0x08007b70        0x0 c:/program files (x86)/gnu tools arm embedded/5.4 2016q2/bin/../lib/gcc/arm-none-eabi/5.4.1/crtbegin.o

.ARM.extab
 *(.ARM.extab* .gnu.linkonce.armextab.*)
                0x08007b70                __exidx_start = .

.ARM.exidx
 *(.ARM.exidx* .gnu.linkonce.armexidx.*)
                0x08007b70                __exidx_end = .
                0x08007b70                . = ALIGN (0x4)
                0x08007b70                _etext = .
                0x08007b70                _sidata = _etext

.data           0x20000000      0x2f4 load address 0x08007b70
                0x20000000                . = ALIGN (0x4)
                0x20000000                _sdata = .
 *(.data)
 .data          0x20000000      0x126 CM730_APP/src/CM_DXL_COM.o
                0x20000000                gbpDataSize
                0x2000005a                gbpParameterRange
                0x2000010e                ROM_INITIAL_DATA
 *fill*         0x20000126        0x2 
 .data          0x20000128       0x16 CM730_HW/src/system_init.o
                0x20000128                CCR4_Val
                0x2000012c                Baudrate_DXL
                0x20000130                Baudrate_ZIGBEE
                0x20000134                Baudrate_PC
                0x20000138                CCR3_Val
                0x2000013a                CCR2_Val
                0x2000013c                CCR1_Val
 .data          0x2000013e      0x100 CM730_HW/src/system_func.o
                0x2000013e                gbVoltageTable
 *fill*         0x2000023e        0x2 
 .data          0x20000240       0x40 CM730_HW/src/adc.o
                0x20000240                ADC_Channel
 .data          0x20000280       0x6a CM730_HW/src/sound.o
                0x20000280                MusicTable
                0x200002e8                Music_TempoContainer
 .data          0x200002ea        0x9 CM730_HW/src/gyro_acc.o
                0x200002ea                SPI_TxBuffer
 *(.data.*)
                0x200002f4                . = ALIGN (0x4)
 *fill*         0x200002f3        0x1 
                0x200002f4                _edata = .

.igot.plt       0x200002f4        0x0 load address 0x08007e64
 .igot.plt      0x200002f4        0x0 c:/program files (x86)/gnu tools arm embedded/5.4 2016q2/bin/../lib/gcc/arm-none-eabi/5.4.1/crtbegin.o

.bss            0x200002f4     0x111c load address 0x08007e64
                0x200002f4                . = ALIGN (0x4)
                0x200002f4                _sbss = .
                0x200002f4                __bss_start__ = _sbss
 *(.bss)
 .bss           0x200002f4        0xd CM730_APP/src/stm32f10x_it.o
                0x200002f4                capture
                0x200002f8                gwCounter1
                0x20000300                Counter
 *fill*         0x20000301        0x1 
 .bss           0x20000302        0x5 CM730_APP/src/isr.o
                0x20000303                bLED_Counter
                0x20000304                wLED_Timer
                0x20000306                bLedBlinkFlag
 *fill*         0x20000307        0x1 
 .bss           0x20000308        0xe CM730_APP/src/zigbee.o
                0x20000308                gbRcvFlag
                0x2000030a                gwRcvData
                0x2000030c                gbRcvPacketNum
                0x2000030d                gbRcvPacket
                0x20000314                gwMyZigbeeID
 .bss           0x20000316      0x87a CM730_APP/src/CM_DXL_COM.o
                0x20000316                gbStartAddress
                0x20000317                gbpParameter
                0x20000417                gbpControlTable
                0x20000472                gbParameterLength
                0x20000473                gbInstruction
                0x20000474                gbRxID
                0x20000475                gbInterruptCheckError
                0x20000476                gbTxD1BufferWritePointer
                0x20000477                gbpTxD1Buffer
                0x20000577                gbTxD1Transmitting
                0x20000578                gbTxD1BufferReadPointer
                0x20000579                gbDxlPwr
                0x2000057a                gbLEDHeadR
                0x2000057b                gbLEDHeadG
                0x2000057c                gbLEDHeadB
                0x2000057d                gbLEDEyeR
                0x2000057e                gbLEDEyeG
                0x2000057f                gbLEDEyeB
                0x20000580                gbMiliSec
                0x20000581                gbRxBufferReadPointer
                0x20000582                gbRxBufferWritePointer
                0x20000583                gbpRxInterruptBuffer
                0x20000683                gbRxD0BufferReadPointer
                0x20000684                gbRxD0BufferWritePointer
                0x20000685                gbpRxD0Buffer
                0x20000785                gbTxD0BufferWritePointer
                0x20000786                gbpTxD0Buffer
                0x20000886                gbTxD0BufferReadPointer
                0x20000887                gbLEDPwm
                0x20000888                gbLEDBlinkCounter
                0x20000889                gbpRegParameter
                0x20000989                gbRegParameterLength
                0x2000098a                gbRegAddress
                0x2000098b                gbTxD0Transmitting
                0x2000098c                gbRxD1BufferReadPointer
                0x2000098d                gbRxD1BufferWritePointer
                0x2000098e                gbpRxD1Buffer
                0x20000a8e                gbTxBufferReadPointer
                0x20000a8f                gbTxBufferWritePointer
                0x20000a90                gbpTxInterruptBuffer
 .bss           0x20000b90        0xc CM730_HW/src/system_func.o
                0x20000b90                gwTimingDelay
                0x20000b98                tmpdly
 .bss           0x20000b9c       0x21 CM730_HW/src/adc.o
                0x20000b9c                ADC_Value
                0x20000bbc                ADC_Channel_Index
 *fill*         0x20000bbd        0x1 
 .bss           0x20000bbe      0x804 CM730_HW/src/usart.o
                0x20000bbe                gwUSART_ZIGBEE_WritePtr
                0x20000bc0                gwUSART_ZIGBEE_ReadPtr
                0x20000bc2                gwpUSART_ZIGBEE_Buffer
 .bss           0x200013c2       0x1e CM730_HW/src/sound.o
                0x200013c2                gbBuzzerPlayLength
                0x200013c3                gbBuzzerData
                0x200013c4                Music_Play
                0x200013c6                Doremi_Play
                0x200013c8                Doremi_Index
                0x200013ca                Doremi_TimCount
                0x200013cc                Music_MusicIndex
                0x200013ce                Music_ReadIndex
                0x200013d0                Music_TempoCnt
                0x200013d2                Music_CurrentPacket
                0x200013d4                Music_CurrentLen
                0x200013d6                Music_CurrentSound
                0x200013d8                Music_WaveFlag
                0x200013da                Music_WaveStep
                0x200013dc                Music_StartDelayFlag
                0x200013de                Music_WaveBuffer
 .bss           0x200013e0       0x2e CM730_HW/src/gyro_acc.o
                0x200013e0                SPI_RxBufferPointer
                0x200013e1                SPI_RxBuffer
                0x200013f4                Gyro_X_raw
                0x200013f6                Gyro_Y_raw
                0x200013f8                Gyro_Z_raw
                0x200013fa                ACC_X_raw
                0x200013fc                ACC_Y_raw
                0x200013fe                ACC_Z_raw
                0x20001400                Gyro_X
                0x20001402                Gyro_Y
                0x20001404                Gyro_Z
                0x20001406                ACC_X
                0x20001408                ACC_Y
                0x2000140a                ACC_Z
                0x2000140c                GYRO_ACC_ENABLE
                0x2000140d                SPI_TxBufferPointer
 *(.bss.*)
 *(COMMON)
                0x20001410                . = ALIGN (0x4)
 *fill*         0x2000140e        0x2 
                0x20001410                _ebss = .
                0x20001410                __bss_end__ = _ebss
                [!provide]                PROVIDE (end, _ebss)
                [!provide]                PROVIDE (_end, _ebss)
                0x20001410                PROVIDE (_exit, _ebss)
                [!provide]                PROVIDE (_stackend, ((ORIGIN (RAM) + LENGTH (RAM)) - _Minimum_Stack_Size))

._usrstack      0x20001410      0x100 load address 0x08008f80
                0x20001410                . = ALIGN (0x4)
                0x20001410                _susrstack = .
                0x20001510                . = (. + _Minimum_Stack_Size)
 *fill*         0x20001410      0x100 
                0x20001510                . = ALIGN (0x4)
                0x20001510                _eusrstack = .

.stab
 *(.stab)

.stabstr
 *(.stabstr)

.stab.excl
 *(.stab.excl)

.stab.exclstr
 *(.stab.exclstr)

.stab.index
 *(.stab.index)

.stab.indexstr
 *(.stab.indexstr)

.comment        0x00000000       0x6e
 *(.comment)
 .comment       0x00000000       0x6e CM730_APP/src/stm32f10x_it.o
                                 0x6f (size before relaxing)
 .comment       0x0000006e       0x6f CM730_APP/src/main.o
 .comment       0x0000006e       0x6f CM730_APP/src/isr.o
 .comment       0x0000006e       0x6f CM730_APP/src/zigbee.o
 .comment       0x0000006e       0x6f CM730_APP/src/zgb_hal.o
 .comment       0x0000006e       0x6f CM730_APP/src/CM_DXL_COM.o
 .comment       0x0000006e       0x6f CM730_HW/src/button.o
 .comment       0x0000006e       0x6f CM730_HW/src/led.o
 .comment       0x0000006e       0x6f CM730_HW/src/system_init.o
 .comment       0x0000006e       0x6f CM730_HW/src/system_func.o
 .comment       0x0000006e       0x6f CM730_HW/src/adc.o
 .comment       0x0000006e       0x6f CM730_HW/src/usart.o
 .comment       0x0000006e       0x6f CM730_HW/src/sound.o
 .comment       0x0000006e       0x6f CM730_HW/src/gyro_acc.o
 .comment       0x0000006e       0x6f stm32f10x_lib/libstm32.a(stm32f10x_adc.o)
 .comment       0x0000006e       0x6f stm32f10x_lib/libstm32.a(stm32f10x_bkp.o)
 .comment       0x0000006e       0x6f stm32f10x_lib/libstm32.a(stm32f10x_flash.o)
 .comment       0x0000006e       0x6f stm32f10x_lib/libstm32.a(stm32f10x_gpio.o)
 .comment       0x0000006e       0x6f stm32f10x_lib/libstm32.a(stm32f10x_nvic.o)
 .comment       0x0000006e       0x6f stm32f10x_lib/libstm32.a(stm32f10x_pwr.o)
 .comment       0x0000006e       0x6f stm32f10x_lib/libstm32.a(stm32f10x_rcc.o)
 .comment       0x0000006e       0x6f stm32f10x_lib/libstm32.a(stm32f10x_spi.o)
 .comment       0x0000006e       0x6f stm32f10x_lib/libstm32.a(stm32f10x_systick.o)
 .comment       0x0000006e       0x6f stm32f10x_lib/libstm32.a(stm32f10x_tim.o)
 .comment       0x0000006e       0x6f stm32f10x_lib/libstm32.a(stm32f10x_usart.o)
 .comment       0x0000006e       0x6f stm32f10x_lib/libstm32.a(stm32f10x_vector.o)

.ARM.attributes
                0x00000000       0x31
 .ARM.attributes
                0x00000000       0x16 c:/program files (x86)/gnu tools arm embedded/5.4 2016q2/bin/../lib/gcc/arm-none-eabi/5.4.1/crti.o
 .ARM.attributes
                0x00000016       0x33 CM730_APP/src/stm32f10x_it.o
 .ARM.attributes
                0x00000049       0x33 CM730_APP/src/main.o
 .ARM.attributes
                0x0000007c       0x33 CM730_APP/src/isr.o
 .ARM.attributes
                0x000000af       0x33 CM730_APP/src/zigbee.o
 .ARM.attributes
                0x000000e2       0x33 CM730_APP/src/zgb_hal.o
 .ARM.attributes
                0x00000115       0x33 CM730_APP/src/CM_DXL_COM.o
 .ARM.attributes
                0x00000148       0x33 CM730_HW/src/button.o
 .ARM.attributes
                0x0000017b       0x33 CM730_HW/src/led.o
 .ARM.attributes
                0x000001ae       0x33 CM730_HW/src/system_init.o
 .ARM.attributes
                0x000001e1       0x33 CM730_HW/src/system_func.o
 .ARM.attributes
                0x00000214       0x33 CM730_HW/src/adc.o
 .ARM.attributes
                0x00000247       0x33 CM730_HW/src/usart.o
 .ARM.attributes
                0x0000027a       0x33 CM730_HW/src/sound.o
 .ARM.attributes
                0x000002ad       0x33 CM730_HW/src/gyro_acc.o
 .ARM.attributes
                0x000002e0       0x33 stm32f10x_lib/libstm32.a(stm32f10x_adc.o)
 .ARM.attributes
                0x00000313       0x33 stm32f10x_lib/libstm32.a(stm32f10x_bkp.o)
 .ARM.attributes
                0x00000346       0x33 stm32f10x_lib/libstm32.a(stm32f10x_flash.o)
 .ARM.attributes
                0x00000379       0x33 stm32f10x_lib/libstm32.a(stm32f10x_gpio.o)
 .ARM.attributes
                0x000003ac       0x33 stm32f10x_lib/libstm32.a(stm32f10x_nvic.o)
 .ARM.attributes
                0x000003df       0x33 stm32f10x_lib/libstm32.a(stm32f10x_pwr.o)
 .ARM.attributes
                0x00000412       0x33 stm32f10x_lib/libstm32.a(stm32f10x_rcc.o)
 .ARM.attributes
                0x00000445       0x33 stm32f10x_lib/libstm32.a(stm32f10x_spi.o)
 .ARM.attributes
                0x00000478       0x33 stm32f10x_lib/libstm32.a(stm32f10x_systick.o)
 .ARM.attributes
                0x000004ab       0x33 stm32f10x_lib/libstm32.a(stm32f10x_tim.o)
 .ARM.attributes
                0x000004de       0x33 stm32f10x_lib/libstm32.a(stm32f10x_usart.o)
 .ARM.attributes
                0x00000511       0x21 stm32f10x_lib/libstm32.a(cortexm3_macro.o)
 .ARM.attributes
                0x00000532       0x33 stm32f10x_lib/libstm32.a(stm32f10x_vector.o)

.debug
 *(.debug)

.line
 *(.line)

.debug_srcinfo
 *(.debug_srcinfo)

.debug_sfnames
 *(.debug_sfnames)

.debug_aranges  0x00000000      0x360
 *(.debug_aranges)
 .debug_aranges
                0x00000000       0x20 CM730_APP/src/stm32f10x_it.o
 .debug_aranges
                0x00000020       0x20 CM730_APP/src/main.o
 .debug_aranges
                0x00000040       0x20 CM730_APP/src/isr.o
 .debug_aranges
                0x00000060       0x20 CM730_APP/src/zigbee.o
 .debug_aranges
                0x00000080       0x20 CM730_APP/src/zgb_hal.o
 .debug_aranges
                0x000000a0       0x20 CM730_APP/src/CM_DXL_COM.o
 .debug_aranges
                0x000000c0       0x20 CM730_HW/src/button.o
 .debug_aranges
                0x000000e0       0x20 CM730_HW/src/led.o
 .debug_aranges
                0x00000100       0x20 CM730_HW/src/system_init.o
 .debug_aranges
                0x00000120       0x20 CM730_HW/src/system_func.o
 .debug_aranges
                0x00000140       0x20 CM730_HW/src/adc.o
 .debug_aranges
                0x00000160       0x20 CM730_HW/src/usart.o
 .debug_aranges
                0x00000180       0x20 CM730_HW/src/sound.o
 .debug_aranges
                0x000001a0       0x20 CM730_HW/src/gyro_acc.o
 .debug_aranges
                0x000001c0       0x20 stm32f10x_lib/libstm32.a(stm32f10x_adc.o)
 .debug_aranges
                0x000001e0       0x20 stm32f10x_lib/libstm32.a(stm32f10x_bkp.o)
 .debug_aranges
                0x00000200       0x20 stm32f10x_lib/libstm32.a(stm32f10x_flash.o)
 .debug_aranges
                0x00000220       0x20 stm32f10x_lib/libstm32.a(stm32f10x_gpio.o)
 .debug_aranges
                0x00000240       0x20 stm32f10x_lib/libstm32.a(stm32f10x_nvic.o)
 .debug_aranges
                0x00000260       0x20 stm32f10x_lib/libstm32.a(stm32f10x_pwr.o)
 .debug_aranges
                0x00000280       0x20 stm32f10x_lib/libstm32.a(stm32f10x_rcc.o)
 .debug_aranges
                0x000002a0       0x20 stm32f10x_lib/libstm32.a(stm32f10x_spi.o)
 .debug_aranges
                0x000002c0       0x20 stm32f10x_lib/libstm32.a(stm32f10x_systick.o)
 .debug_aranges
                0x000002e0       0x20 stm32f10x_lib/libstm32.a(stm32f10x_tim.o)
 .debug_aranges
                0x00000300       0x20 stm32f10x_lib/libstm32.a(stm32f10x_usart.o)
 .debug_aranges
                0x00000320       0x20 stm32f10x_lib/libstm32.a(cortexm3_macro.o)
 .debug_aranges
                0x00000340       0x20 stm32f10x_lib/libstm32.a(stm32f10x_vector.o)

.debug_pubnames
 *(.debug_pubnames)

.debug_info     0x00000000     0xd2d2
 *(.debug_info .gnu.linkonce.wi.*)
 .debug_info    0x00000000      0x644 CM730_APP/src/stm32f10x_it.o
 .debug_info    0x00000644      0x224 CM730_APP/src/main.o
 .debug_info    0x00000868      0x5d1 CM730_APP/src/isr.o
 .debug_info    0x00000e39      0x58f CM730_APP/src/zigbee.o
 .debug_info    0x000013c8      0x1c0 CM730_APP/src/zgb_hal.o
 .debug_info    0x00001588      0xb3a CM730_APP/src/CM_DXL_COM.o
 .debug_info    0x000020c2      0x17d CM730_HW/src/button.o
 .debug_info    0x0000223f      0x42b CM730_HW/src/led.o
 .debug_info    0x0000266a     0x185e CM730_HW/src/system_init.o
 .debug_info    0x00003ec8      0x61d CM730_HW/src/system_func.o
 .debug_info    0x000044e5      0x32c CM730_HW/src/adc.o
 .debug_info    0x00004811      0x7e0 CM730_HW/src/usart.o
 .debug_info    0x00004ff1      0x9d4 CM730_HW/src/sound.o
 .debug_info    0x000059c5      0xc80 CM730_HW/src/gyro_acc.o
 .debug_info    0x00006645      0xb53 stm32f10x_lib/libstm32.a(stm32f10x_adc.o)
 .debug_info    0x00007198      0x70e stm32f10x_lib/libstm32.a(stm32f10x_bkp.o)
 .debug_info    0x000078a6      0x8c3 stm32f10x_lib/libstm32.a(stm32f10x_flash.o)
 .debug_info    0x00008169      0x749 stm32f10x_lib/libstm32.a(stm32f10x_gpio.o)
 .debug_info    0x000088b2      0x978 stm32f10x_lib/libstm32.a(stm32f10x_nvic.o)
 .debug_info    0x0000922a      0x2cb stm32f10x_lib/libstm32.a(stm32f10x_pwr.o)
 .debug_info    0x000094f5      0x87d stm32f10x_lib/libstm32.a(stm32f10x_rcc.o)
 .debug_info    0x00009d72      0x93f stm32f10x_lib/libstm32.a(stm32f10x_spi.o)
 .debug_info    0x0000a6b1      0x213 stm32f10x_lib/libstm32.a(stm32f10x_systick.o)
 .debug_info    0x0000a8c4     0x1e81 stm32f10x_lib/libstm32.a(stm32f10x_tim.o)
 .debug_info    0x0000c745      0xa0e stm32f10x_lib/libstm32.a(stm32f10x_usart.o)
 .debug_info    0x0000d153       0x6e stm32f10x_lib/libstm32.a(cortexm3_macro.o)
 .debug_info    0x0000d1c1      0x111 stm32f10x_lib/libstm32.a(stm32f10x_vector.o)

.debug_abbrev   0x00000000     0x2c74
 *(.debug_abbrev)
 .debug_abbrev  0x00000000      0x1db CM730_APP/src/stm32f10x_it.o
 .debug_abbrev  0x000001db       0xf6 CM730_APP/src/main.o
 .debug_abbrev  0x000002d1      0x1b0 CM730_APP/src/isr.o
 .debug_abbrev  0x00000481      0x227 CM730_APP/src/zigbee.o
 .debug_abbrev  0x000006a8       0xcb CM730_APP/src/zgb_hal.o
 .debug_abbrev  0x00000773      0x1ca CM730_APP/src/CM_DXL_COM.o
 .debug_abbrev  0x0000093d       0xf9 CM730_HW/src/button.o
 .debug_abbrev  0x00000a36      0x182 CM730_HW/src/led.o
 .debug_abbrev  0x00000bb8      0x201 CM730_HW/src/system_init.o
 .debug_abbrev  0x00000db9      0x267 CM730_HW/src/system_func.o
 .debug_abbrev  0x00001020      0x163 CM730_HW/src/adc.o
 .debug_abbrev  0x00001183      0x1a8 CM730_HW/src/usart.o
 .debug_abbrev  0x0000132b      0x1cd CM730_HW/src/sound.o
 .debug_abbrev  0x000014f8      0x1d9 CM730_HW/src/gyro_acc.o
 .debug_abbrev  0x000016d1      0x191 stm32f10x_lib/libstm32.a(stm32f10x_adc.o)
 .debug_abbrev  0x00001862      0x183 stm32f10x_lib/libstm32.a(stm32f10x_bkp.o)
 .debug_abbrev  0x000019e5      0x257 stm32f10x_lib/libstm32.a(stm32f10x_flash.o)
 .debug_abbrev  0x00001c3c      0x1f1 stm32f10x_lib/libstm32.a(stm32f10x_gpio.o)
 .debug_abbrev  0x00001e2d      0x242 stm32f10x_lib/libstm32.a(stm32f10x_nvic.o)
 .debug_abbrev  0x0000206f      0x16d stm32f10x_lib/libstm32.a(stm32f10x_pwr.o)
 .debug_abbrev  0x000021dc      0x229 stm32f10x_lib/libstm32.a(stm32f10x_rcc.o)
 .debug_abbrev  0x00002405      0x1d9 stm32f10x_lib/libstm32.a(stm32f10x_spi.o)
 .debug_abbrev  0x000025de      0x12a stm32f10x_lib/libstm32.a(stm32f10x_systick.o)
 .debug_abbrev  0x00002708      0x2b4 stm32f10x_lib/libstm32.a(stm32f10x_tim.o)
 .debug_abbrev  0x000029bc      0x1d9 stm32f10x_lib/libstm32.a(stm32f10x_usart.o)
 .debug_abbrev  0x00002b95       0x14 stm32f10x_lib/libstm32.a(cortexm3_macro.o)
 .debug_abbrev  0x00002ba9       0xcb stm32f10x_lib/libstm32.a(stm32f10x_vector.o)

.debug_line     0x00000000     0x2a2e
 *(.debug_line)
 .debug_line    0x00000000      0x146 CM730_APP/src/stm32f10x_it.o
 .debug_line    0x00000146      0x11f CM730_APP/src/main.o
 .debug_line    0x00000265      0x15c CM730_APP/src/isr.o
 .debug_line    0x000003c1      0x166 CM730_APP/src/zigbee.o
 .debug_line    0x00000527       0x95 CM730_APP/src/zgb_hal.o
 .debug_line    0x000005bc      0x3d9 CM730_APP/src/CM_DXL_COM.o
 .debug_line    0x00000995       0x99 CM730_HW/src/button.o
 .debug_line    0x00000a2e      0x15e CM730_HW/src/led.o
 .debug_line    0x00000b8c      0x312 CM730_HW/src/system_init.o
 .debug_line    0x00000e9e      0x199 CM730_HW/src/system_func.o
 .debug_line    0x00001037       0xe0 CM730_HW/src/adc.o
 .debug_line    0x00001117      0x164 CM730_HW/src/usart.o
 .debug_line    0x0000127b      0x114 CM730_HW/src/sound.o
 .debug_line    0x0000138f      0x21d CM730_HW/src/gyro_acc.o
 .debug_line    0x000015ac      0x1fa stm32f10x_lib/libstm32.a(stm32f10x_adc.o)
 .debug_line    0x000017a6       0xd6 stm32f10x_lib/libstm32.a(stm32f10x_bkp.o)
 .debug_line    0x0000187c      0x20a stm32f10x_lib/libstm32.a(stm32f10x_flash.o)
 .debug_line    0x00001a86      0x17b stm32f10x_lib/libstm32.a(stm32f10x_gpio.o)
 .debug_line    0x00001c01      0x1b9 stm32f10x_lib/libstm32.a(stm32f10x_nvic.o)
 .debug_line    0x00001dba       0xec stm32f10x_lib/libstm32.a(stm32f10x_pwr.o)
 .debug_line    0x00001ea6      0x19e stm32f10x_lib/libstm32.a(stm32f10x_rcc.o)
 .debug_line    0x00002044      0x1b6 stm32f10x_lib/libstm32.a(stm32f10x_spi.o)
 .debug_line    0x000021fa       0xb5 stm32f10x_lib/libstm32.a(stm32f10x_systick.o)
 .debug_line    0x000022af      0x4b2 stm32f10x_lib/libstm32.a(stm32f10x_tim.o)
 .debug_line    0x00002761      0x1b9 stm32f10x_lib/libstm32.a(stm32f10x_usart.o)
 .debug_line    0x0000291a       0xa4 stm32f10x_lib/libstm32.a(cortexm3_macro.o)
 .debug_line    0x000029be       0x70 stm32f10x_lib/libstm32.a(stm32f10x_vector.o)

.debug_frame    0x00000000     0x2454
 *(.debug_frame)
 .debug_frame   0x00000000      0x46c CM730_APP/src/stm32f10x_it.o
 .debug_frame   0x0000046c       0x28 CM730_APP/src/main.o
 .debug_frame   0x00000494       0xe0 CM730_APP/src/isr.o
 .debug_frame   0x00000574       0xa8 CM730_APP/src/zigbee.o
 .debug_frame   0x0000061c       0x70 CM730_APP/src/zgb_hal.o
 .debug_frame   0x0000068c       0xb4 CM730_APP/src/CM_DXL_COM.o
 .debug_frame   0x00000740       0x28 CM730_HW/src/button.o
 .debug_frame   0x00000768       0xa0 CM730_HW/src/led.o
 .debug_frame   0x00000808      0x160 CM730_HW/src/system_init.o
 .debug_frame   0x00000968       0xec CM730_HW/src/system_func.o
 .debug_frame   0x00000a54       0x48 CM730_HW/src/adc.o
 .debug_frame   0x00000a9c       0xe0 CM730_HW/src/usart.o
 .debug_frame   0x00000b7c       0xf0 CM730_HW/src/sound.o
 .debug_frame   0x00000c6c      0x15c CM730_HW/src/gyro_acc.o
 .debug_frame   0x00000dc8      0x280 stm32f10x_lib/libstm32.a(stm32f10x_adc.o)
 .debug_frame   0x00001048       0xdc stm32f10x_lib/libstm32.a(stm32f10x_bkp.o)
 .debug_frame   0x00001124      0x1f4 stm32f10x_lib/libstm32.a(stm32f10x_flash.o)
 .debug_frame   0x00001318      0x160 stm32f10x_lib/libstm32.a(stm32f10x_gpio.o)
 .debug_frame   0x00001478      0x204 stm32f10x_lib/libstm32.a(stm32f10x_nvic.o)
 .debug_frame   0x0000167c       0xac stm32f10x_lib/libstm32.a(stm32f10x_pwr.o)
 .debug_frame   0x00001728      0x220 stm32f10x_lib/libstm32.a(stm32f10x_rcc.o)
 .debug_frame   0x00001948      0x1bc stm32f10x_lib/libstm32.a(stm32f10x_spi.o)
 .debug_frame   0x00001b04       0x70 stm32f10x_lib/libstm32.a(stm32f10x_systick.o)
 .debug_frame   0x00001b74      0x6b0 stm32f10x_lib/libstm32.a(stm32f10x_tim.o)
 .debug_frame   0x00002224      0x200 stm32f10x_lib/libstm32.a(stm32f10x_usart.o)
 .debug_frame   0x00002424       0x30 stm32f10x_lib/libstm32.a(stm32f10x_vector.o)

.debug_str      0x00000000     0x3f07
 *(.debug_str)
 .debug_str     0x00000000      0x3e0 CM730_APP/src/stm32f10x_it.o
                                0x42e (size before relaxing)
 .debug_str     0x000003e0       0xa5 CM730_APP/src/main.o
                                0x1b4 (size before relaxing)
 .debug_str     0x00000485      0x19c CM730_APP/src/isr.o
                                0x337 (size before relaxing)
 .debug_str     0x00000621      0x13f CM730_APP/src/zigbee.o
                                0x291 (size before relaxing)
 .debug_str     0x00000760       0x47 CM730_APP/src/zgb_hal.o
                                0x191 (size before relaxing)
 .debug_str     0x000007a7      0x456 CM730_APP/src/CM_DXL_COM.o
                                0x71b (size before relaxing)
 .debug_str     0x00000bfd       0x1d CM730_HW/src/button.o
                                0x152 (size before relaxing)
 .debug_str     0x00000c1a       0x54 CM730_HW/src/led.o
                                0x1b3 (size before relaxing)
 .debug_str     0x00000c6e      0x9bc CM730_HW/src/system_init.o
                                0xc88 (size before relaxing)
 .debug_str     0x0000162a      0x14f CM730_HW/src/system_func.o
                                0x2fc (size before relaxing)
 .debug_str     0x00001779       0x5b CM730_HW/src/adc.o
                                0x1f0 (size before relaxing)
 .debug_str     0x000017d4       0xa0 CM730_HW/src/usart.o
                                0x406 (size before relaxing)
 .debug_str     0x00001874      0x2d9 CM730_HW/src/sound.o
                                0x560 (size before relaxing)
 .debug_str     0x00001b4d      0x197 CM730_HW/src/gyro_acc.o
                                0x3cd (size before relaxing)
 .debug_str     0x00001ce4      0x399 stm32f10x_lib/libstm32.a(stm32f10x_adc.o)
                                0x690 (size before relaxing)
 .debug_str     0x0000207d      0x306 stm32f10x_lib/libstm32.a(stm32f10x_bkp.o)
                                0x54b (size before relaxing)
 .debug_str     0x00002383      0x2d0 stm32f10x_lib/libstm32.a(stm32f10x_flash.o)
                                0x4f3 (size before relaxing)
 .debug_str     0x00002653      0x17b stm32f10x_lib/libstm32.a(stm32f10x_gpio.o)
                                0x468 (size before relaxing)
 .debug_str     0x000027ce      0x45e stm32f10x_lib/libstm32.a(stm32f10x_nvic.o)
                                0x6c2 (size before relaxing)
 .debug_str     0x00002c2c      0x104 stm32f10x_lib/libstm32.a(stm32f10x_pwr.o)
                                0x259 (size before relaxing)
 .debug_str     0x00002d30      0x2e9 stm32f10x_lib/libstm32.a(stm32f10x_rcc.o)
                                0x598 (size before relaxing)
 .debug_str     0x00003019      0x241 stm32f10x_lib/libstm32.a(stm32f10x_spi.o)
                                0x5bc (size before relaxing)
 .debug_str     0x0000325a       0xb6 stm32f10x_lib/libstm32.a(stm32f10x_systick.o)
                                0x23d (size before relaxing)
 .debug_str     0x00003310      0x8b1 stm32f10x_lib/libstm32.a(stm32f10x_tim.o)
                                0xd6e (size before relaxing)
 .debug_str     0x00003bc1      0x2cd stm32f10x_lib/libstm32.a(stm32f10x_usart.o)
                                0x633 (size before relaxing)
 .debug_str     0x00003e8e       0x79 stm32f10x_lib/libstm32.a(stm32f10x_vector.o)
                                0x170 (size before relaxing)

.debug_loc      0x00000000     0x5f62
 *(.debug_loc)
 .debug_loc     0x00000000       0x47 CM730_APP/src/main.o
 .debug_loc     0x00000047      0x1da CM730_APP/src/zigbee.o
 .debug_loc     0x00000221      0x141 CM730_APP/src/zgb_hal.o
 .debug_loc     0x00000362      0x4a9 CM730_APP/src/CM_DXL_COM.o
 .debug_loc     0x0000080b       0x35 CM730_HW/src/button.o
 .debug_loc     0x00000840      0x149 CM730_HW/src/led.o
 .debug_loc     0x00000989       0xbe CM730_HW/src/system_init.o
 .debug_loc     0x00000a47      0x197 CM730_HW/src/system_func.o
 .debug_loc     0x00000bde       0x40 CM730_HW/src/adc.o
 .debug_loc     0x00000c1e      0x153 CM730_HW/src/usart.o
 .debug_loc     0x00000d71       0x7e CM730_HW/src/sound.o
 .debug_loc     0x00000def      0x12f CM730_HW/src/gyro_acc.o
 .debug_loc     0x00000f1e      0xa7e stm32f10x_lib/libstm32.a(stm32f10x_adc.o)
 .debug_loc     0x0000199c       0xee stm32f10x_lib/libstm32.a(stm32f10x_bkp.o)
 .debug_loc     0x00001a8a      0x6a1 stm32f10x_lib/libstm32.a(stm32f10x_flash.o)
 .debug_loc     0x0000212b      0x521 stm32f10x_lib/libstm32.a(stm32f10x_gpio.o)
 .debug_loc     0x0000264c      0x962 stm32f10x_lib/libstm32.a(stm32f10x_nvic.o)
 .debug_loc     0x00002fae      0x156 stm32f10x_lib/libstm32.a(stm32f10x_pwr.o)
 .debug_loc     0x00003104      0x68b stm32f10x_lib/libstm32.a(stm32f10x_rcc.o)
 .debug_loc     0x0000378f      0x573 stm32f10x_lib/libstm32.a(stm32f10x_spi.o)
 .debug_loc     0x00003d02       0xe3 stm32f10x_lib/libstm32.a(stm32f10x_systick.o)
 .debug_loc     0x00003de5     0x18e7 stm32f10x_lib/libstm32.a(stm32f10x_tim.o)
 .debug_loc     0x000056cc      0x848 stm32f10x_lib/libstm32.a(stm32f10x_usart.o)
 .debug_loc     0x00005f14       0x4e stm32f10x_lib/libstm32.a(stm32f10x_vector.o)

.debug_macinfo
 *(.debug_macinfo)

.debug_weaknames
 *(.debug_weaknames)

.debug_funcnames
 *(.debug_funcnames)

.debug_typenames
 *(.debug_typenames)

.debug_varnames
 *(.debug_varnames)
OUTPUT(CM730.elf elf32-littlearm)

.debug_ranges   0x00000000       0xf0
 .debug_ranges  0x00000000       0x10 CM730_APP/src/main.o
 .debug_ranges  0x00000010       0x30 CM730_APP/src/isr.o
 .debug_ranges  0x00000040       0x18 CM730_APP/src/zigbee.o
 .debug_ranges  0x00000058       0x48 CM730_APP/src/CM_DXL_COM.o
 .debug_ranges  0x000000a0       0x18 stm32f10x_lib/libstm32.a(stm32f10x_flash.o)
 .debug_ranges  0x000000b8       0x38 stm32f10x_lib/libstm32.a(stm32f10x_tim.o)

Cross Reference Table

Symbol                                            File
ACC_Configuration                                 CM730_HW/src/gyro_acc.o
                                                  CM730_HW/src/system_init.o
ACC_X                                             CM730_HW/src/gyro_acc.o
ACC_X_raw                                         CM730_HW/src/gyro_acc.o
ACC_Y                                             CM730_HW/src/gyro_acc.o
ACC_Y_raw                                         CM730_HW/src/gyro_acc.o
ACC_Z                                             CM730_HW/src/gyro_acc.o
ACC_Z_raw                                         CM730_HW/src/gyro_acc.o
ADC1_2_IRQHandler                                 CM730_APP/src/stm32f10x_it.o
                                                  stm32f10x_lib/libstm32.a(stm32f10x_vector.o)
ADC3_IRQHandler                                   CM730_APP/src/stm32f10x_it.o
                                                  stm32f10x_lib/libstm32.a(stm32f10x_vector.o)
ADC_AnalogWatchdogCmd                             stm32f10x_lib/libstm32.a(stm32f10x_adc.o)
ADC_AnalogWatchdogSingleChannelConfig             stm32f10x_lib/libstm32.a(stm32f10x_adc.o)
ADC_AnalogWatchdogThresholdsConfig                stm32f10x_lib/libstm32.a(stm32f10x_adc.o)
ADC_AutoInjectedConvCmd                           stm32f10x_lib/libstm32.a(stm32f10x_adc.o)
ADC_Channel                                       CM730_HW/src/adc.o
ADC_Channel_Index                                 CM730_HW/src/adc.o
ADC_ClearFlag                                     stm32f10x_lib/libstm32.a(stm32f10x_adc.o)
ADC_ClearITPendingBit                             stm32f10x_lib/libstm32.a(stm32f10x_adc.o)
ADC_Cmd                                           stm32f10x_lib/libstm32.a(stm32f10x_adc.o)
                                                  CM730_HW/src/system_init.o
ADC_Configuration                                 CM730_HW/src/system_init.o
ADC_DMACmd                                        stm32f10x_lib/libstm32.a(stm32f10x_adc.o)
ADC_DeInit                                        stm32f10x_lib/libstm32.a(stm32f10x_adc.o)
ADC_DiscModeChannelCountConfig                    stm32f10x_lib/libstm32.a(stm32f10x_adc.o)
ADC_DiscModeCmd                                   stm32f10x_lib/libstm32.a(stm32f10x_adc.o)
ADC_ExternalTrigConvCmd                           stm32f10x_lib/libstm32.a(stm32f10x_adc.o)
ADC_ExternalTrigInjectedConvCmd                   stm32f10x_lib/libstm32.a(stm32f10x_adc.o)
ADC_ExternalTrigInjectedConvConfig                stm32f10x_lib/libstm32.a(stm32f10x_adc.o)
ADC_GetCalibrationStatus                          stm32f10x_lib/libstm32.a(stm32f10x_adc.o)
                                                  CM730_HW/src/system_init.o
ADC_GetConversionValue                            stm32f10x_lib/libstm32.a(stm32f10x_adc.o)
                                                  CM730_HW/src/adc.o
ADC_GetDualModeConversionValue                    stm32f10x_lib/libstm32.a(stm32f10x_adc.o)
ADC_GetFlagStatus                                 stm32f10x_lib/libstm32.a(stm32f10x_adc.o)
ADC_GetITStatus                                   stm32f10x_lib/libstm32.a(stm32f10x_adc.o)
ADC_GetInjectedConversionValue                    stm32f10x_lib/libstm32.a(stm32f10x_adc.o)
ADC_GetResetCalibrationStatus                     stm32f10x_lib/libstm32.a(stm32f10x_adc.o)
                                                  CM730_HW/src/system_init.o
ADC_GetSoftwareStartConvStatus                    stm32f10x_lib/libstm32.a(stm32f10x_adc.o)
ADC_GetSoftwareStartInjectedConvCmdStatus         stm32f10x_lib/libstm32.a(stm32f10x_adc.o)
ADC_ITConfig                                      stm32f10x_lib/libstm32.a(stm32f10x_adc.o)
                                                  CM730_HW/src/system_init.o
ADC_Init                                          stm32f10x_lib/libstm32.a(stm32f10x_adc.o)
                                                  CM730_HW/src/system_init.o
ADC_InjectedChannelConfig                         stm32f10x_lib/libstm32.a(stm32f10x_adc.o)
ADC_InjectedDiscModeCmd                           stm32f10x_lib/libstm32.a(stm32f10x_adc.o)
ADC_InjectedSequencerLengthConfig                 stm32f10x_lib/libstm32.a(stm32f10x_adc.o)
ADC_RegularChannelConfig                          stm32f10x_lib/libstm32.a(stm32f10x_adc.o)
                                                  CM730_HW/src/adc.o
                                                  CM730_HW/src/system_init.o
ADC_ResetCalibration                              stm32f10x_lib/libstm32.a(stm32f10x_adc.o)
                                                  CM730_HW/src/system_init.o
ADC_SetInjectedOffset                             stm32f10x_lib/libstm32.a(stm32f10x_adc.o)
ADC_SoftwareStartConvCmd                          stm32f10x_lib/libstm32.a(stm32f10x_adc.o)
                                                  CM730_HW/src/system_init.o
ADC_SoftwareStartInjectedConvCmd                  stm32f10x_lib/libstm32.a(stm32f10x_adc.o)
ADC_StartCalibration                              stm32f10x_lib/libstm32.a(stm32f10x_adc.o)
                                                  CM730_HW/src/system_init.o
ADC_StructInit                                    stm32f10x_lib/libstm32.a(stm32f10x_adc.o)
                                                  CM730_HW/src/system_init.o
ADC_TempSensorVrefintCmd                          stm32f10x_lib/libstm32.a(stm32f10x_adc.o)
ADC_Value                                         CM730_HW/src/adc.o
BKP_ClearFlag                                     stm32f10x_lib/libstm32.a(stm32f10x_bkp.o)
BKP_ClearITPendingBit                             stm32f10x_lib/libstm32.a(stm32f10x_bkp.o)
BKP_DeInit                                        stm32f10x_lib/libstm32.a(stm32f10x_bkp.o)
BKP_GetFlagStatus                                 stm32f10x_lib/libstm32.a(stm32f10x_bkp.o)
BKP_GetITStatus                                   stm32f10x_lib/libstm32.a(stm32f10x_bkp.o)
BKP_ITConfig                                      stm32f10x_lib/libstm32.a(stm32f10x_bkp.o)
BKP_RTCOutputConfig                               stm32f10x_lib/libstm32.a(stm32f10x_bkp.o)
BKP_ReadBackupRegister                            stm32f10x_lib/libstm32.a(stm32f10x_bkp.o)
BKP_SetRTCCalibrationValue                        stm32f10x_lib/libstm32.a(stm32f10x_bkp.o)
BKP_TamperPinCmd                                  stm32f10x_lib/libstm32.a(stm32f10x_bkp.o)
BKP_TamperPinLevelConfig                          stm32f10x_lib/libstm32.a(stm32f10x_bkp.o)
BKP_WriteBackupRegister                           stm32f10x_lib/libstm32.a(stm32f10x_bkp.o)
                                                  CM730_APP/src/CM_DXL_COM.o
Baudrate_DXL                                      CM730_HW/src/system_init.o
Baudrate_PC                                       CM730_HW/src/system_init.o
Baudrate_ZIGBEE                                   CM730_HW/src/system_init.o
BufferClear                                       CM730_HW/src/usart.o
                                                  CM730_APP/src/zigbee.o
                                                  CM730_APP/src/main.o
BusFaultException                                 CM730_APP/src/stm32f10x_it.o
                                                  stm32f10x_lib/libstm32.a(stm32f10x_vector.o)
Buzzer_Configuration                              CM730_HW/src/system_init.o
CAN_RX1_IRQHandler                                CM730_APP/src/stm32f10x_it.o
                                                  stm32f10x_lib/libstm32.a(stm32f10x_vector.o)
CAN_SCE_IRQHandler                                CM730_APP/src/stm32f10x_it.o
                                                  stm32f10x_lib/libstm32.a(stm32f10x_vector.o)
CCR1_Val                                          CM730_HW/src/system_init.o
CCR2_Val                                          CM730_HW/src/system_init.o
CCR3_Val                                          CM730_HW/src/system_init.o
CCR4_Val                                          CM730_HW/src/system_init.o
                                                  CM730_APP/src/stm32f10x_it.o
Clear_SPI_Data                                    CM730_HW/src/gyro_acc.o
Counter                                           CM730_APP/src/stm32f10x_it.o
CovertData                                        CM730_HW/src/gyro_acc.o
DMA1_Channel1_IRQHandler                          CM730_APP/src/stm32f10x_it.o
DMA1_Channel2_IRQHandler                          CM730_APP/src/stm32f10x_it.o
DMA1_Channel3_IRQHandler                          CM730_APP/src/stm32f10x_it.o
DMA1_Channel4_IRQHandler                          CM730_APP/src/stm32f10x_it.o
DMA1_Channel5_IRQHandler                          CM730_APP/src/stm32f10x_it.o
DMA1_Channel6_IRQHandler                          CM730_APP/src/stm32f10x_it.o
DMA1_Channel7_IRQHandler                          CM730_APP/src/stm32f10x_it.o
DMA2_Channel1_IRQHandler                          CM730_APP/src/stm32f10x_it.o
                                                  stm32f10x_lib/libstm32.a(stm32f10x_vector.o)
DMA2_Channel2_IRQHandler                          CM730_APP/src/stm32f10x_it.o
                                                  stm32f10x_lib/libstm32.a(stm32f10x_vector.o)
DMA2_Channel3_IRQHandler                          CM730_APP/src/stm32f10x_it.o
                                                  stm32f10x_lib/libstm32.a(stm32f10x_vector.o)
DMA2_Channel4_5_IRQHandler                        CM730_APP/src/stm32f10x_it.o
                                                  stm32f10x_lib/libstm32.a(stm32f10x_vector.o)
DebugMonitor                                      CM730_APP/src/stm32f10x_it.o
                                                  stm32f10x_lib/libstm32.a(stm32f10x_vector.o)
DoremiTable                                       CM730_HW/src/sound.o
Doremi_Index                                      CM730_HW/src/sound.o
Doremi_Play                                       CM730_HW/src/sound.o
Doremi_TimCount                                   CM730_HW/src/sound.o
Dummy                                             CM730_HW/src/system_func.o
EEPROM_Clear                                      CM730_HW/src/system_func.o
EEPROM_Read                                       CM730_HW/src/system_func.o
EEPROM_Write                                      CM730_HW/src/system_func.o
EXTI0_IRQHandler                                  CM730_APP/src/stm32f10x_it.o
                                                  stm32f10x_lib/libstm32.a(stm32f10x_vector.o)
EXTI15_10_IRQHandler                              CM730_APP/src/stm32f10x_it.o
                                                  stm32f10x_lib/libstm32.a(stm32f10x_vector.o)
EXTI1_IRQHandler                                  CM730_APP/src/stm32f10x_it.o
                                                  stm32f10x_lib/libstm32.a(stm32f10x_vector.o)
EXTI2_IRQHandler                                  CM730_APP/src/stm32f10x_it.o
                                                  stm32f10x_lib/libstm32.a(stm32f10x_vector.o)
EXTI3_IRQHandler                                  CM730_APP/src/stm32f10x_it.o
                                                  stm32f10x_lib/libstm32.a(stm32f10x_vector.o)
EXTI4_IRQHandler                                  CM730_APP/src/stm32f10x_it.o
                                                  stm32f10x_lib/libstm32.a(stm32f10x_vector.o)
EXTI9_5_IRQHandler                                CM730_APP/src/stm32f10x_it.o
                                                  stm32f10x_lib/libstm32.a(stm32f10x_vector.o)
FLASH_ClearFlag                                   stm32f10x_lib/libstm32.a(stm32f10x_flash.o)
                                                  CM730_HW/src/system_func.o
FLASH_EnableWriteProtection                       stm32f10x_lib/libstm32.a(stm32f10x_flash.o)
FLASH_EraseAllPages                               stm32f10x_lib/libstm32.a(stm32f10x_flash.o)
FLASH_EraseOptionBytes                            stm32f10x_lib/libstm32.a(stm32f10x_flash.o)
FLASH_ErasePage                                   stm32f10x_lib/libstm32.a(stm32f10x_flash.o)
                                                  CM730_HW/src/system_func.o
FLASH_GetFlagStatus                               stm32f10x_lib/libstm32.a(stm32f10x_flash.o)
FLASH_GetPrefetchBufferStatus                     stm32f10x_lib/libstm32.a(stm32f10x_flash.o)
FLASH_GetReadOutProtectionStatus                  stm32f10x_lib/libstm32.a(stm32f10x_flash.o)
FLASH_GetStatus                                   stm32f10x_lib/libstm32.a(stm32f10x_flash.o)
FLASH_GetUserOptionByte                           stm32f10x_lib/libstm32.a(stm32f10x_flash.o)
FLASH_GetWriteProtectionOptionByte                stm32f10x_lib/libstm32.a(stm32f10x_flash.o)
FLASH_HalfCycleAccessCmd                          stm32f10x_lib/libstm32.a(stm32f10x_flash.o)
FLASH_IRQHandler                                  CM730_APP/src/stm32f10x_it.o
                                                  stm32f10x_lib/libstm32.a(stm32f10x_vector.o)
FLASH_ITConfig                                    stm32f10x_lib/libstm32.a(stm32f10x_flash.o)
FLASH_Lock                                        stm32f10x_lib/libstm32.a(stm32f10x_flash.o)
                                                  CM730_HW/src/system_func.o
FLASH_PrefetchBufferCmd                           stm32f10x_lib/libstm32.a(stm32f10x_flash.o)
                                                  CM730_HW/src/system_init.o
FLASH_ProgramHalfWord                             stm32f10x_lib/libstm32.a(stm32f10x_flash.o)
                                                  CM730_HW/src/system_func.o
FLASH_ProgramOptionByteData                       stm32f10x_lib/libstm32.a(stm32f10x_flash.o)
FLASH_ProgramWord                                 stm32f10x_lib/libstm32.a(stm32f10x_flash.o)
FLASH_ReadOutProtection                           stm32f10x_lib/libstm32.a(stm32f10x_flash.o)
FLASH_SetLatency                                  stm32f10x_lib/libstm32.a(stm32f10x_flash.o)
                                                  CM730_HW/src/system_init.o
FLASH_Unlock                                      stm32f10x_lib/libstm32.a(stm32f10x_flash.o)
                                                  CM730_HW/src/system_func.o
                                                  CM730_HW/src/system_init.o
FLASH_UserOptionByteConfig                        stm32f10x_lib/libstm32.a(stm32f10x_flash.o)
FLASH_WaitForLastOperation                        stm32f10x_lib/libstm32.a(stm32f10x_flash.o)
FSMC_IRQHandler                                   CM730_APP/src/stm32f10x_it.o
                                                  stm32f10x_lib/libstm32.a(stm32f10x_vector.o)
GPIO_AFIODeInit                                   stm32f10x_lib/libstm32.a(stm32f10x_gpio.o)
GPIO_Configuration                                CM730_HW/src/system_init.o
GPIO_DeInit                                       stm32f10x_lib/libstm32.a(stm32f10x_gpio.o)
GPIO_EXTILineConfig                               stm32f10x_lib/libstm32.a(stm32f10x_gpio.o)
GPIO_EventOutputCmd                               stm32f10x_lib/libstm32.a(stm32f10x_gpio.o)
GPIO_EventOutputConfig                            stm32f10x_lib/libstm32.a(stm32f10x_gpio.o)
GPIO_Init                                         stm32f10x_lib/libstm32.a(stm32f10x_gpio.o)
                                                  CM730_HW/src/system_init.o
GPIO_PinLockConfig                                stm32f10x_lib/libstm32.a(stm32f10x_gpio.o)
GPIO_PinRemapConfig                               stm32f10x_lib/libstm32.a(stm32f10x_gpio.o)
                                                  CM730_HW/src/system_init.o
GPIO_ReadInputData                                stm32f10x_lib/libstm32.a(stm32f10x_gpio.o)
GPIO_ReadInputDataBit                             stm32f10x_lib/libstm32.a(stm32f10x_gpio.o)
                                                  CM730_HW/src/button.o
                                                  CM730_APP/src/isr.o
GPIO_ReadOutputData                               stm32f10x_lib/libstm32.a(stm32f10x_gpio.o)
GPIO_ReadOutputDataBit                            stm32f10x_lib/libstm32.a(stm32f10x_gpio.o)
                                                  CM730_HW/src/usart.o
                                                  CM730_HW/src/led.o
                                                  CM730_APP/src/CM_DXL_COM.o
GPIO_ResetBits                                    stm32f10x_lib/libstm32.a(stm32f10x_gpio.o)
                                                  CM730_HW/src/gyro_acc.o
                                                  CM730_HW/src/usart.o
                                                  CM730_HW/src/system_func.o
                                                  CM730_HW/src/system_init.o
                                                  CM730_HW/src/led.o
                                                  CM730_APP/src/CM_DXL_COM.o
                                                  CM730_APP/src/zigbee.o
                                                  CM730_APP/src/isr.o
GPIO_SetBits                                      stm32f10x_lib/libstm32.a(stm32f10x_gpio.o)
                                                  CM730_HW/src/gyro_acc.o
                                                  CM730_HW/src/usart.o
                                                  CM730_HW/src/system_func.o
                                                  CM730_HW/src/system_init.o
                                                  CM730_HW/src/led.o
                                                  CM730_APP/src/CM_DXL_COM.o
                                                  CM730_APP/src/zigbee.o
                                                  CM730_APP/src/isr.o
GPIO_StructInit                                   stm32f10x_lib/libstm32.a(stm32f10x_gpio.o)
                                                  CM730_HW/src/system_init.o
GPIO_Write                                        stm32f10x_lib/libstm32.a(stm32f10x_gpio.o)
GPIO_WriteBit                                     stm32f10x_lib/libstm32.a(stm32f10x_gpio.o)
GYRO_ACC_ENABLE                                   CM730_HW/src/gyro_acc.o
Gyro_Configuration                                CM730_HW/src/gyro_acc.o
                                                  CM730_HW/src/system_init.o
Gyro_X                                            CM730_HW/src/gyro_acc.o
Gyro_X_raw                                        CM730_HW/src/gyro_acc.o
Gyro_Y                                            CM730_HW/src/gyro_acc.o
Gyro_Y_raw                                        CM730_HW/src/gyro_acc.o
Gyro_Z                                            CM730_HW/src/gyro_acc.o
Gyro_Z_raw                                        CM730_HW/src/gyro_acc.o
HardFaultException                                CM730_APP/src/stm32f10x_it.o
                                                  stm32f10x_lib/libstm32.a(stm32f10x_vector.o)
I2C1_ER_IRQHandler                                CM730_APP/src/stm32f10x_it.o
                                                  stm32f10x_lib/libstm32.a(stm32f10x_vector.o)
I2C1_EV_IRQHandler                                CM730_APP/src/stm32f10x_it.o
                                                  stm32f10x_lib/libstm32.a(stm32f10x_vector.o)
I2C2_ER_IRQHandler                                CM730_APP/src/stm32f10x_it.o
                                                  stm32f10x_lib/libstm32.a(stm32f10x_vector.o)
I2C2_EV_IRQHandler                                CM730_APP/src/stm32f10x_it.o
                                                  stm32f10x_lib/libstm32.a(stm32f10x_vector.o)
I2S_Cmd                                           stm32f10x_lib/libstm32.a(stm32f10x_spi.o)
I2S_Init                                          stm32f10x_lib/libstm32.a(stm32f10x_spi.o)
I2S_StructInit                                    stm32f10x_lib/libstm32.a(stm32f10x_spi.o)
ISR_1ms_TIMER                                     CM730_APP/src/isr.o
                                                  CM730_APP/src/stm32f10x_it.o
ISR_ADC                                           CM730_APP/src/isr.o
                                                  CM730_APP/src/stm32f10x_it.o
ISR_BATTERY_CHECK                                 CM730_APP/src/isr.o
                                                  CM730_APP/src/stm32f10x_it.o
ISR_BUZZER                                        CM730_APP/src/isr.o
ISR_DELAY                                         CM730_APP/src/isr.o
ISR_LED_RGB_TIMER                                 CM730_APP/src/isr.o
                                                  CM730_APP/src/stm32f10x_it.o
ISR_MOTOR_CONTROL                                 CM730_APP/src/isr.o
ISR_SPI_READ                                      CM730_APP/src/isr.o
                                                  CM730_APP/src/stm32f10x_it.o
ISR_USART_DXL                                     CM730_APP/src/isr.o
                                                  CM730_APP/src/stm32f10x_it.o
ISR_USART_PC                                      CM730_APP/src/isr.o
                                                  CM730_APP/src/stm32f10x_it.o
ISR_USART_ZIGBEE                                  CM730_APP/src/isr.o
                                                  CM730_APP/src/stm32f10x_it.o
IsRXD_Ready                                       CM730_HW/src/usart.o
                                                  CM730_APP/src/zgb_hal.o
                                                  CM730_APP/src/zigbee.o
LED_GetState                                      CM730_HW/src/led.o
LED_RGB_GetState                                  CM730_HW/src/led.o
LED_RGB_SetState                                  CM730_HW/src/led.o
LED_SetState                                      CM730_HW/src/led.o
                                                  CM730_HW/src/usart.o
                                                  CM730_APP/src/CM_DXL_COM.o
                                                  CM730_APP/src/main.o
                                                  CM730_APP/src/stm32f10x_it.o
MemManageException                                CM730_APP/src/stm32f10x_it.o
                                                  stm32f10x_lib/libstm32.a(stm32f10x_vector.o)
Music0                                            CM730_HW/src/sound.o
Music1                                            CM730_HW/src/sound.o
Music6                                            CM730_HW/src/sound.o
Music7                                            CM730_HW/src/sound.o
MusicTable                                        CM730_HW/src/sound.o
Music_CurrentLen                                  CM730_HW/src/sound.o
Music_CurrentPacket                               CM730_HW/src/sound.o
Music_CurrentSound                                CM730_HW/src/sound.o
Music_MusicIndex                                  CM730_HW/src/sound.o
Music_Play                                        CM730_HW/src/sound.o
Music_ReadIndex                                   CM730_HW/src/sound.o
Music_StartDelayFlag                              CM730_HW/src/sound.o
Music_TempoCnt                                    CM730_HW/src/sound.o
Music_TempoContainer                              CM730_HW/src/sound.o
Music_WaveBuffer                                  CM730_HW/src/sound.o
Music_WaveFlag                                    CM730_HW/src/sound.o
Music_WaveStep                                    CM730_HW/src/sound.o
NMIException                                      CM730_APP/src/stm32f10x_it.o
                                                  stm32f10x_lib/libstm32.a(stm32f10x_vector.o)
NVIC_BASEPRICONFIG                                stm32f10x_lib/libstm32.a(stm32f10x_nvic.o)
NVIC_ClearIRQChannelPendingBit                    stm32f10x_lib/libstm32.a(stm32f10x_nvic.o)
NVIC_ClearSystemHandlerPendingBit                 stm32f10x_lib/libstm32.a(stm32f10x_nvic.o)
NVIC_Configuration                                CM730_HW/src/system_init.o
NVIC_DeInit                                       stm32f10x_lib/libstm32.a(stm32f10x_nvic.o)
NVIC_GenerateCoreReset                            stm32f10x_lib/libstm32.a(stm32f10x_nvic.o)
NVIC_GenerateSystemReset                          stm32f10x_lib/libstm32.a(stm32f10x_nvic.o)
                                                  CM730_APP/src/CM_DXL_COM.o
NVIC_GetBASEPRI                                   stm32f10x_lib/libstm32.a(stm32f10x_nvic.o)
NVIC_GetCPUID                                     stm32f10x_lib/libstm32.a(stm32f10x_nvic.o)
NVIC_GetCurrentActiveHandler                      stm32f10x_lib/libstm32.a(stm32f10x_nvic.o)
NVIC_GetCurrentPendingIRQChannel                  stm32f10x_lib/libstm32.a(stm32f10x_nvic.o)
NVIC_GetFaultAddress                              stm32f10x_lib/libstm32.a(stm32f10x_nvic.o)
NVIC_GetFaultHandlerSources                       stm32f10x_lib/libstm32.a(stm32f10x_nvic.o)
NVIC_GetIRQChannelActiveBitStatus                 stm32f10x_lib/libstm32.a(stm32f10x_nvic.o)
NVIC_GetIRQChannelPendingBitStatus                stm32f10x_lib/libstm32.a(stm32f10x_nvic.o)
NVIC_GetSystemHandlerActiveBitStatus              stm32f10x_lib/libstm32.a(stm32f10x_nvic.o)
NVIC_GetSystemHandlerPendingBitStatus             stm32f10x_lib/libstm32.a(stm32f10x_nvic.o)
NVIC_Init                                         stm32f10x_lib/libstm32.a(stm32f10x_nvic.o)
                                                  CM730_HW/src/system_init.o
NVIC_PriorityGroupConfig                          stm32f10x_lib/libstm32.a(stm32f10x_nvic.o)
                                                  CM730_HW/src/system_init.o
NVIC_RESETFAULTMASK                               stm32f10x_lib/libstm32.a(stm32f10x_nvic.o)
NVIC_RESETPRIMASK                                 stm32f10x_lib/libstm32.a(stm32f10x_nvic.o)
NVIC_SCBDeInit                                    stm32f10x_lib/libstm32.a(stm32f10x_nvic.o)
NVIC_SETFAULTMASK                                 stm32f10x_lib/libstm32.a(stm32f10x_nvic.o)
NVIC_SETPRIMASK                                   stm32f10x_lib/libstm32.a(stm32f10x_nvic.o)
NVIC_SetIRQChannelPendingBit                      stm32f10x_lib/libstm32.a(stm32f10x_nvic.o)
NVIC_SetSystemHandlerPendingBit                   stm32f10x_lib/libstm32.a(stm32f10x_nvic.o)
NVIC_SetVectorTable                               stm32f10x_lib/libstm32.a(stm32f10x_nvic.o)
                                                  CM730_HW/src/system_init.o
NVIC_StructInit                                   stm32f10x_lib/libstm32.a(stm32f10x_nvic.o)
NVIC_SystemHandlerConfig                          stm32f10x_lib/libstm32.a(stm32f10x_nvic.o)
NVIC_SystemHandlerPriorityConfig                  stm32f10x_lib/libstm32.a(stm32f10x_nvic.o)
NVIC_SystemLPConfig                               stm32f10x_lib/libstm32.a(stm32f10x_nvic.o)
PVD_IRQHandler                                    CM730_APP/src/stm32f10x_it.o
                                                  stm32f10x_lib/libstm32.a(stm32f10x_vector.o)
PWR_BackupAccessCmd                               stm32f10x_lib/libstm32.a(stm32f10x_pwr.o)
                                                  CM730_HW/src/system_init.o
PWR_ClearFlag                                     stm32f10x_lib/libstm32.a(stm32f10x_pwr.o)
PWR_DeInit                                        stm32f10x_lib/libstm32.a(stm32f10x_pwr.o)
PWR_EnterSTANDBYMode                              stm32f10x_lib/libstm32.a(stm32f10x_pwr.o)
PWR_EnterSTOPMode                                 stm32f10x_lib/libstm32.a(stm32f10x_pwr.o)
PWR_GetFlagStatus                                 stm32f10x_lib/libstm32.a(stm32f10x_pwr.o)
PWR_PVDCmd                                        stm32f10x_lib/libstm32.a(stm32f10x_pwr.o)
PWR_PVDLevelConfig                                stm32f10x_lib/libstm32.a(stm32f10x_pwr.o)
PWR_WakeUpPinCmd                                  stm32f10x_lib/libstm32.a(stm32f10x_pwr.o)
PendSVC                                           CM730_APP/src/stm32f10x_it.o
                                                  stm32f10x_lib/libstm32.a(stm32f10x_vector.o)
PlayBuzzer                                        CM730_HW/src/sound.o
                                                  CM730_APP/src/CM_DXL_COM.o
                                                  CM730_APP/src/isr.o
PlayDoremi                                        CM730_HW/src/sound.o
PlayMusic                                         CM730_HW/src/sound.o
Process                                           CM730_APP/src/CM_DXL_COM.o
                                                  CM730_APP/src/main.o
ProcessAfterWriting                               CM730_APP/src/CM_DXL_COM.o
Push_SPI_Data                                     CM730_HW/src/gyro_acc.o